{:ok,
 %{
   __struct__: IGC.Fix,
   air_speed: nil,
   extensions: %{},
   gnss_altitude: 1347,
   magnetic_heading: nil,
   position: %{__struct__: IGC.Position, lat: 40.447217, lng: -4.509817},
   pressure_altitude: 1206,
   satellite_in_use: nil,
   time: %{
     __struct__: Time,
     calendar: Calendar.ISO,
     hour: 13,
     microsecond: {0, 0},
     minute: 54,
     second: 19
   },
   true_air_speed: nil,
   true_heading: nil,
   valid?: true,
   wind_direction: nil,
   wind_speed: nil
 }}