%{
  __struct__: IGC.Fix,
  air_speed: nil,
  compensated_variometer: nil,
  extensions: %{"FXA" => "012", "SIU" => "52"},
  gnss_altitude: 1252,
  horizontal_accuracy: 12,
  magnetic_heading: nil,
  position: %{__struct__: IGC.Position, lat: 40.44765, lng: -4.5065},
  pressure_altitude: 1103,
  satellite_in_use: 52,
  time: %{
    __struct__: Time,
    calendar: Calendar.ISO,
    hour: 14,
    microsecond: {0, 0},
    minute: 19,
    second: 38
  },
  true_air_speed: nil,
  true_heading: nil,
  uncompensated_variometer: nil,
  valid?: true,
  vertical_accuracy: nil,
  wind_direction: nil,
  wind_speed: nil
}